// Jest Snapshot v1, https://goo.gl/fbAQLP

exports[`Button component should render without crashing 1`] = `
<StyledComponent
  forwardedComponent={
    Object {
      "$$typeof": Symbol(react.forward_ref),
      "attrs": Array [],
      "componentStyle": ComponentStyle {
        "componentId": "sc-bdVaJa",
        "isStatic": true,
        "rules": Array [
          "
  margin: 0;
  height: 35px;
  border: 0;
  border-radius: 5px;
  padding: 8px 16px;
  color: white;
  background-color: ",
          "#fd0d5c",
          ";
  cursor: pointer;
  transition: opacity ease-out 0.2s;

  &:hover {
    opacity: 0.7;
  }
",
        ],
      },
      "displayName": "styled.button",
      "foldedComponentIds": Array [],
      "render": [Function],
      "styledComponentId": "sc-bdVaJa",
      "target": "button",
      "toString": [Function],
      "warnTooManyClasses": [Function],
      "withComponent": [Function],
    }
  }
  forwardedRef={null}
/>
`;
